// Jest Snapshot v1, https://goo.gl/fbAQLP

exports[`Test for Home.js Matches the snapshot 1`] = `
<div>
  <h1
    className="title"
  >
    Items List
  </h1>
  <div
    className="container"
  >
    <div>
      <div
        className="addcards"
        onClick={[Function]}
      >
        <svg
          aria-hidden={true}
          className="MuiSvgIcon-root"
          focusable="false"
          viewBox="0 0 24 24"
        >
          <path
            d="M13 7h-2v4H7v2h4v4h2v-4h4v-2h-4V7zm-1-5C6.48 2 2 6.48 2 12s4.48 10 10 10 10-4.48 10-10S17.52 2 12 2zm0 18c-4.41 0-8-3.59-8-8s3.59-8 8-8 8 3.59 8 8-3.59 8-8 8z"
          />
        </svg>
      </div>
    </div>
  </div>
  <h1
    className="title"
  >
    Garbage List
  </h1>
  <div
    className="container"
  />
</div>
`;

exports[`should show the cards section 1`] = `
<div>
  <h1
    className="title"
  >
    Items List
  </h1>
  <div
    className="container"
  >
    <div>
      <div
        className="addcards"
        onClick={[Function]}
      >
        <svg
          aria-hidden={true}
          className="MuiSvgIcon-root"
          focusable="false"
          viewBox="0 0 24 24"
        >
          <path
            d="M13 7h-2v4H7v2h4v4h2v-4h4v-2h-4V7zm-1-5C6.48 2 2 6.48 2 12s4.48 10 10 10 10-4.48 10-10S17.52 2 12 2zm0 18c-4.41 0-8-3.59-8-8s3.59-8 8-8 8 3.59 8 8-3.59 8-8 8z"
          />
        </svg>
      </div>
    </div>
  </div>
  <h1
    className="title"
  >
    Garbage List
  </h1>
  <div
    className="container"
  />
</div>
`;
